

========================= Block system =========================

  0 SNES Function norm 6.041522986797e+00 
  1 SNES Function norm 4.786756531502e+00 
  2 SNES Function norm 2.986455536575e+00 
  3 SNES Function norm 2.306244442355e-01 
  4 SNES Function norm 1.936321647694e-03 
  5 SNES Function norm 1.436316818932e-07 
  6 SNES Function norm 7.160723346099e-15 
number of Newton iterations = 6

