avgMem_KB, 0
pageFaults, 0
maxMem_KB, 59552
walltime, 0:07.66
