<StgModelRun>
  <name>RS_pic-referenceTest-np1-createReference</name>
  <modelInputFiles>
    <inputFile>RS_pic.xml</inputFile>
  </modelInputFiles>
  <basePath>/home/jgiordani/codes/clean_uw/libUnderworld/Spherical/SysTests/Regression</basePath>
  <outputPath>expected/RS_pic-referenceTest</outputPath>
  <jobParams>
    <maxRunTime>None</maxRunTime>
    <pollInterval>1</pollInterval>
    <nproc>1</nproc>
  </jobParams>
  <simParams>
    <restartstep>None</restartstep>
    <stoptime>None</stoptime>
    <nsteps>1</nsteps>
    <dumpevery>0</dumpevery>
    <cpevery>1</cpevery>
  </simParams>
  <paramOverrides />
  <solverOpts />
  <analysisOps />
</StgModelRun>