<?xml version="1.0"?>
<StGermainData xmlns="http://www.vpac.org/StGermain/XML_IO_Handler/Jun2003">
  <list name="import">
    <param>Underworld</param>
    <param>Spherical</param>
    <param>Solvers</param>
  </list>
  <list name="plugins">
    <struct>
      <param name="Type">StgFEM_StandardConditionFunctions</param>
      <param name="Context">context</param>
    </struct>
    <struct>
      <param name="Type">StgFEM_FrequentOutput</param>
      <param name="Context">context</param>
    </struct>
    <struct>
      <param name="Type">Spherical_SphericalAlgorithms</param>
      <param name="Context">context</param>
    </struct>
  </list>
  <struct name="components">
    <struct name="constantMesh">
      <param name="Type">FeMesh</param>
      <param name="elementType">constant</param>
    </struct>
    <struct name="constantMeshGenerator">
      <param name="Type">C0Generator</param>
      <param name="mesh">constantMesh</param>
      <param name="elementMesh">elementMesh</param>
    </struct>
    <struct name="linearMesh">
      <param name="Type">FeMesh</param>
      <param name="elementType">linear</param>
    </struct>
    <struct name="linearMeshGenerator">
      <param name="Type">SphericalGenerator</param>
      <param name="mesh">linearMesh</param>
      <param name="dims">dim</param>
      <param name="shadowDepth">shadowDepth</param>
      <list name="size">
        <param>elementResI</param>
        <param>elementResJ</param>
        <param>elementResK</param>
      </list>
      <list name="minCoord">
        <param>minX</param>
        <param>minY</param>
        <param>minZ</param>
      </list>
      <list name="maxCoord">
        <param>maxX</param>
        <param>maxY</param>
        <param>maxZ</param>
      </list>
      <param name="regular">false</param>
    </struct>
    <struct name="velocity">
      <param name="Type">MeshVariable</param>
      <param name="mesh">velocityMesh</param>
      <param name="Rank">Vector</param>
      <param name="DataType">Double</param>
      <param name="VectorComponentCount">dim</param>
      <list name="names">
        <param>vx</param>
        <param>vy</param>
        <param>vz</param>
      </list>
    </struct>
    <struct name="velocityBCs">
      <param name="Type">CompositeVC</param>
      <param name="Data">velocityMesh</param>
    </struct>
    <struct name="velocityICs">
      <param name="Type">CompositeVC</param>
      <param name="Data">velocityMesh</param>
    </struct>
    <struct name="velocityDofLayout">
      <param name="Type">DofLayout</param>
      <param name="MeshVariable">velocity</param>
    </struct>
    <struct name="VelocityField">
      <param name="Type">FeVariable</param>
      <param name="FEMesh">velocityMesh</param>
      <param name="DofLayout">velocityDofLayout</param>
      <param name="BC">velocityBCs</param>
      <param name="IC">velocityICs</param>
      <param name="LinkedDofInfo">velocityLinkedDofs</param>
      <param name="outputUnits">cm/yr</param>
      <param name="removeBCs">True</param>
      <param name="nonAxisAlignedBCs">True</param>
    </struct>
    <struct name="VelocityMagnitudeField">
      <param name="Type">OperatorFeVariable</param>
      <param name="Operator">Magnitude</param>
      <param name="Operand">VelocityField</param>
    </struct>
    <struct name="VelocityGradientsField">
      <param name="Type">OperatorFeVariable</param>
      <param name="Operator">Gradient</param>
      <param name="Operand">VelocityField</param>
    </struct>
    <struct name="VelocityGradientsInvariantField">
      <param name="Type">OperatorFeVariable</param>
      <param name="Operator">TensorInvariant</param>
      <param name="Operand">VelocityGradientsField</param>
      <param name="outputUnits">yr^-1</param>
    </struct>
    <struct name="VelocityXXField">
      <param name="Type">OperatorFeVariable</param>
      <param name="Operator">TakeFirstComponent</param>
      <param name="Operand">VelocityField</param>
      <param name="outputUnits">cm/yr</param>
    </struct>
    <struct name="VelocityYYField">
      <param name="Type">OperatorFeVariable</param>
      <param name="Operator">TakeSecondComponent</param>
      <param name="Operand">VelocityField</param>
      <param name="outputUnits">cm/yr</param>
    </struct>
    <struct name="StrainRateField">
      <param name="Type">OperatorFeVariable</param>
      <param name="Operator">TensorSymmetricPart</param>
      <param name="Operand">VelocityGradientsField</param>
      <param name="outputUnits">yr^-1</param>
    </struct>
    <struct name="VorticityField">
      <param name="Type">OperatorFeVariable</param>
      <param name="Operator">TensorAntisymmetricPart</param>
      <param name="Operand">VelocityGradientsField</param>
      <param name="outputUnits">yr^-1</param>
    </struct>
    <struct name="StrainRateInvariantField">
      <param name="Type">OperatorFeVariable</param>
      <param name="Operator">SymmetricTensor_Invariant</param>
      <param name="Operand">StrainRateField</param>
      <param name="outputUnits">yr^-1</param>
    </struct>
    <struct name="StrainRateXXField">
      <param name="Type">OperatorFeVariable</param>
      <param name="Operator">TakeFirstComponent</param>
      <param name="Operand">StrainRateField</param>
      <param name="outputUnits">yr^-1</param>
    </struct>
    <struct name="StrainRateYYField">
      <param name="Type">OperatorFeVariable</param>
      <param name="Operator">TakeSecondComponent</param>
      <param name="Operand">StrainRateField</param>
      <param name="outputUnits">yr^-1</param>
    </struct>
    <struct name="pressure">
      <param name="Type">MeshVariable</param>
      <param name="mesh">pressureMesh</param>
      <param name="Rank">Scalar</param>
      <param name="DataType">Double</param>
    </struct>
    <struct name="pressureBCs">
      <param name="Type">CompositeVC</param>
      <param name="Data">pressureMesh</param>
    </struct>
    <struct name="pressureICs">
      <param name="Type">CompositeVC</param>
      <param name="Data">pressureMesh</param>
    </struct>
    <struct name="pressureDofLayout">
      <param name="Type">DofLayout</param>
      <param name="MeshVariable">pressure</param>
    </struct>
    <struct name="PressureField">
      <param name="Type">FeVariable</param>
      <param name="FEMesh">pressureMesh</param>
      <param name="DofLayout">pressureDofLayout</param>
      <param name="BC">pressureBCs</param>
      <param name="IC">pressureICs</param>
      <param name="LinkedDofInfo">pressureLinkedDofs</param>
      <param name="outputUnits">GPa</param>
    </struct>
    <struct name="cellLayout">
      <param name="Type">SingleCellLayout</param>
    </struct>
    <struct name="particleLayout">
      <param name="Type">GaussParticleLayout</param>
    </struct>
    <struct name="gaussSwarm">
      <param name="Type">IntegrationPointsSwarm</param>
      <param name="CellLayout">cellLayout</param>
      <param name="ParticleLayout">particleLayout</param>
      <param name="FeMesh">elementMesh</param>
      <param name="TimeIntegrator">timeIntegrator</param>
      <param name="IntegrationPointMapper">gaussMapper</param>
    </struct>
    <struct name="timeIntegrator">
      <param name="Type">TimeIntegrator</param>
      <param name="order">timeIntegratorOrder</param>
      <param name="simultaneous">f</param>
      <param name="Context">context</param>
    </struct>
    <struct name="gaussMapper">
      <param name="Type">GaussMapper</param>
      <param name="IntegrationPointsSwarm">gaussSwarm</param>
      <param name="MaterialPointsSwarm">gaussMaterialSwarm</param>
    </struct>
    <struct name="backgroundLayout">
      <param name="Type">BackgroundParticleLayout</param>
    </struct>
    <struct name="gaussMSwarmMovementHandler">
      <param name="Type">ParticleMovementHandler</param>
    </struct>
    <struct name="gaussMaterialSwarm">
      <param name="Type">MaterialPointsSwarm</param>
      <param name="CellLayout">cellLayout</param>
      <param name="ParticleLayout">backgroundLayout</param>
      <param name="FeMesh">elementMesh</param>
      <list name="ParticleCommHandlers">
        <param>gaussMSwarmMovementHandler</param>
      </list>
    </struct>
    <struct name="solutionVelocity">
      <param name="Type">SolutionVector</param>
      <param name="FeVariable">VelocityField</param>
    </struct>
    <struct name="solutionPressure">
      <param name="Type">SolutionVector</param>
      <param name="FeVariable">PressureField</param>
    </struct>
    <struct name="mom_force">
      <param name="Type">SphericalForceVector</param>
      <param name="FeVariable">VelocityField</param>
      <param name="ExtraInfo">context</param>
    </struct>
    <struct name="cont_force">
      <param name="Type">ForceVector</param>
      <param name="FeVariable">PressureField</param>
      <param name="ExtraInfo">context</param>
    </struct>
    <struct name="k_matrix">
      <param name="Type">SphericalStiffnessMatrix</param>
      <param name="RowVariable">VelocityField</param>
      <param name="ColumnVariable">VelocityField</param>
      <param name="RHS">mom_force</param>
      <param name="allowZeroElementContributions">False</param>
    </struct>
    <struct name="constitutiveMatrix">
      <param name="Type">ConstitutiveMatrixCartesian</param>
      <param name="Swarm">gaussSwarm</param>
      <param name="StiffnessMatrix">k_matrix</param>
    </struct>
    <struct name="g_matrix">
      <param name="Type">SphericalStiffnessMatrix</param>
      <param name="RowVariable">VelocityField</param>
      <param name="ColumnVariable">PressureField</param>
      <param name="RHS">mom_force</param>
      <param name="transposeRHS">DummyComponent</param>
      <param name="allowZeroElementContributions">False</param>
    </struct>
    <struct name="gradientStiffnessMatrixTerm">
      <param name="Type">GradientStiffnessMatrixTerm</param>
      <param name="Swarm">gaussSwarm</param>
      <param name="StiffnessMatrix">g_matrix</param>
    </struct>
    <struct name="preconditioner">
      <param name="Type">SphericalStiffnessMatrix</param>
      <param name="RowVariable">PressureField</param>
      <param name="ColumnVariable">PressureField</param>
      <param name="RHS">cont_force</param>
      <param name="allowZeroElementContributions">True</param>
    </struct>
    <struct name="preconditionerTerm">
      <param name="Type">UzawaPreconditionerTerm</param>
      <param name="Swarm">gaussSwarm</param>
      <param name="StiffnessMatrix">preconditioner</param>
    </struct>
    <struct name="uzawa">
      <param name="Type">Stokes_SLE_UzawaSolver</param>
      <param name="velocitySolver">matrixSolver</param>
      <param name="Preconditioner">preconditioner</param>
      <param name="tolerance">1.0e-5</param>
      <param name="monitor">false</param>
      <param name="maxIterations">5000</param>
      <param name="minIterations">1</param>
    </struct>
    <struct name="stokesEqn">
      <param name="Type">Stokes_SLE</param>
      <param name="SLE_Solver">uzawa</param>
      <param name="Context">context</param>
      <param name="StressTensorMatrix">k_matrix</param>
      <param name="GradientMatrix">g_matrix</param>
      <param name="DivergenceMatrix">div_matrix</param>
      <param name="CompressibilityMatrix">c_matrix</param>
      <param name="VelocityVector">solutionVelocity</param>
      <param name="PressureVector">solutionPressure</param>
      <param name="ForceVector">mom_force</param>
      <param name="ContinuityForceVector">cont_force</param>
      <param name="killNonConvergent">false</param>
      <param name="nonLinearMaxIterations">nonLinearMaxIterations</param>
      <param name="nonLinearTolerance">nonLinearTolerance</param>
      <param name="makeConvergenceFile">false</param>
    </struct>
    <struct name="div_matrix">
      <param name="Type">SphericalStiffnessMatrix</param>
      <param name="RowVariable">PressureField</param>
      <param name="ColumnVariable">VelocityField</param>
      <param name="RHS">cont_force</param>
    </struct>
    <struct name="divergenceDofTerm">
      <param name="Type">DivergenceMatrixTerm</param>
      <param name="StiffnessMatrix">div_matrix</param>
      <param name="Swarm">gaussSwarm</param>
    </struct>
    <struct name="context">
      <param name="Type">UnderworldContext</param>
    </struct>
    <struct name="materialSwarmParticleLayout">
      <param name="Type">IrregularMeshParticleLayout</param>
      <param name="cellParticleCount">20</param>
      <param name="FeMesh">linearMesh</param>
    </struct>
    <struct name="everywhere">
      <param name="Type">Everywhere</param>
    </struct>
    <struct name="background">
      <param name="Type">RheologyMaterial</param>
      <param name="Shape">everywhere</param>
      <param name="Rheology">viscosity</param>
    </struct>
    <struct name="viscosity">
      <param name="Type">MaterialViscosity</param>
      <param name="eta">1</param>
    </struct>
  </struct>
  <param name="velocityMesh">linearMesh</param>
  <param name="elementMesh">linearMesh</param>
  <param name="pressureMesh">constantMesh</param>
  <list name="FieldVariablesToCheckpoint">
    <param>VelocityField</param>
    <param>PressureField</param>
    <param>VelocityField</param>
    <param>PressureField</param>
  </list>
  <param name="maxTimeSteps">1</param>
  <param name="outputEvery">1</param>
  <param name="dumpEvery">0</param>
  <param name="checkpointEvery">1</param>
  <param name="outputPath">expected/LidDrivenFEM-referenceTest</param>
  <param name="dim">3</param>
  <param name="shadowDepth">1</param>
  <param name="minX">2</param>
  <param name="maxX">6</param>
  <param name="elementResI">3</param>
  <param name="minY">-45</param>
  <param name="maxY">45</param>
  <param name="elementResJ">5</param>
  <param name="minZ">-45</param>
  <param name="maxZ">45</param>
  <param name="elementResK">5</param>
  <param name="seed">13</param>
  <param name="gaussParticlesX">2</param>
  <param name="gaussParticlesY">2</param>
  <param name="gaussParticlesZ">2</param>
  <struct name="velocityBCs">
    <param name="type">CompositeVC</param>
    <list name="vcList">
      <struct>
        <param name="type">WallVC</param>
        <param name="wall">bottom</param>
        <list name="variables">
          <struct>
            <param name="name">vy</param>
            <param name="type">double</param>
            <param name="value">0</param>
          </struct>
        </list>
      </struct>
      <struct>
        <param name="type">WallVC</param>
        <param name="wall">left</param>
        <list name="variables">
          <struct>
            <param name="name">vx</param>
            <param name="type">double</param>
            <param name="value">0</param>
          </struct>
        </list>
      </struct>
      <struct>
        <param name="type">WallVC</param>
        <param name="wall">front</param>
        <list name="variables">
          <struct>
            <param name="name">vz</param>
            <param name="type">double</param>
            <param name="value">0</param>
          </struct>
        </list>
      </struct>
      <struct>
        <param name="type">WallVC</param>
        <param name="wall">back</param>
        <list name="variables">
          <struct>
            <param name="name">vz</param>
            <param name="type">double</param>
            <param name="value">0</param>
          </struct>
        </list>
      </struct>
      <struct>
        <param name="type">WallVC</param>
        <param name="wall">top</param>
        <list name="variables">
          <struct>
            <param name="name">vy</param>
            <param name="type">double</param>
            <param name="value">0</param>
          </struct>
        </list>
      </struct>
      <struct>
        <param name="type">WallVC</param>
        <param name="wall">right</param>
        <list name="variables">
          <struct>
            <param name="name">vx</param>
            <param name="type">double</param>
            <param name="value">0</param>
          </struct>
          <struct>
            <param name="name">vy</param>
            <param name="type">double</param>
            <param name="value">1</param>
          </struct>
          <struct>
            <param name="name">vz</param>
            <param name="type">double</param>
            <param name="value">0</param>
          </struct>
        </list>
      </struct>
    </list>
  </struct>
  <param name="outputSlimmedXML">true</param>
</StGermainData>
