<?xml version="1.0"?>
<StGermainData xmlns="http://www.vpac.org/StGermain/XML_IO_Handler/Jun2003">
  <list name="import">
    <param>Underworld</param>
    <param>Spherical</param>
    <param>Solvers</param>
  </list>
  <list name="plugins">
    <struct>
      <param name="Type" source="source-0">StgFEM_StandardConditionFunctions</param>
      <param name="Context" source="source-0">context</param>
    </struct>
    <struct>
      <param name="Type" source="source-0">StgFEM_FrequentOutput</param>
      <param name="Context" source="source-0">context</param>
    </struct>
    <struct>
      <param name="Type" source="source-9">Spherical_SphericalAlgorithms</param>
      <param name="Context" source="source-9">context</param>
    </struct>
  </list>
  <struct name="components">
    <struct name="constantMesh">
      <param name="Type" source="source-1">FeMesh</param>
      <param name="elementType" source="source-1">constant</param>
    </struct>
    <struct name="constantMeshGenerator">
      <param name="Type" source="source-1">C0Generator</param>
      <param name="mesh" source="source-1">constantMesh</param>
      <param name="elementMesh" source="source-1">elementMesh</param>
    </struct>
    <struct name="linearMesh">
      <param name="Type" source="source-2">FeMesh</param>
      <param name="elementType" source="source-2">linear</param>
    </struct>
    <struct name="linearMeshGenerator">
      <param name="Type" source="source-2">SphericalGenerator</param>
      <param name="mesh" source="source-2">linearMesh</param>
      <param name="dims" source="source-2">dim</param>
      <param name="shadowDepth" source="source-2">shadowDepth</param>
      <list name="size">
        <param>elementResI</param>
        <param>elementResJ</param>
        <param>elementResK</param>
      </list>
      <list name="minCoord">
        <param>minX</param>
        <param>minY</param>
        <param>minZ</param>
      </list>
      <list name="maxCoord">
        <param>maxX</param>
        <param>maxY</param>
        <param>maxZ</param>
      </list>
      <param name="regular" source="source-0">false</param>
    </struct>
    <struct name="velocity">
      <param name="Type" source="source-3">MeshVariable</param>
      <param name="mesh" source="source-3">velocityMesh</param>
      <param name="Rank" source="source-3">Vector</param>
      <param name="DataType" source="source-3">Double</param>
      <param name="VectorComponentCount" source="source-3">dim</param>
      <list name="names">
        <param>vx</param>
        <param>vy</param>
        <param>vz</param>
      </list>
    </struct>
    <struct name="velocityBCs">
      <param name="Type" source="source-3">CompositeVC</param>
      <param name="Data" source="source-3">velocityMesh</param>
    </struct>
    <struct name="velocityICs">
      <param name="Type" source="source-3">CompositeVC</param>
      <param name="Data" source="source-3">velocityMesh</param>
    </struct>
    <struct name="velocityDofLayout">
      <param name="Type" source="source-3">DofLayout</param>
      <param name="MeshVariable" source="source-3">velocity</param>
    </struct>
    <struct name="VelocityField">
      <param name="Type" source="source-3">FeVariable</param>
      <param name="FEMesh" source="source-3">velocityMesh</param>
      <param name="DofLayout" source="source-3">velocityDofLayout</param>
      <param name="BC" source="source-3">velocityBCs</param>
      <param name="IC" source="source-3">velocityICs</param>
      <param name="LinkedDofInfo" source="source-3">velocityLinkedDofs</param>
      <param name="outputUnits" source="source-3">cm/yr</param>
      <param name="removeBCs" source="source-9">True</param>
      <param name="nonAxisAlignedBCs" source="source-9">True</param>
    </struct>
    <struct name="VelocityMagnitudeField">
      <param name="Type" source="source-3">OperatorFeVariable</param>
      <param name="Operator" source="source-3">Magnitude</param>
      <param name="Operand" source="source-3">VelocityField</param>
    </struct>
    <struct name="VelocityGradientsField">
      <param name="Type" source="source-3">OperatorFeVariable</param>
      <param name="Operator" source="source-3">Gradient</param>
      <param name="Operand" source="source-3">VelocityField</param>
    </struct>
    <struct name="VelocityGradientsInvariantField">
      <param name="Type" source="source-3">OperatorFeVariable</param>
      <param name="Operator" source="source-3">TensorInvariant</param>
      <param name="Operand" source="source-3">VelocityGradientsField</param>
      <param name="outputUnits" source="source-3">yr^-1</param>
    </struct>
    <struct name="VelocityXXField">
      <param name="Type" source="source-3">OperatorFeVariable</param>
      <param name="Operator" source="source-3">TakeFirstComponent</param>
      <param name="Operand" source="source-3">VelocityField</param>
      <param name="outputUnits" source="source-3">cm/yr</param>
    </struct>
    <struct name="VelocityYYField">
      <param name="Type" source="source-3">OperatorFeVariable</param>
      <param name="Operator" source="source-3">TakeSecondComponent</param>
      <param name="Operand" source="source-3">VelocityField</param>
      <param name="outputUnits" source="source-3">cm/yr</param>
    </struct>
    <struct name="StrainRateField">
      <param name="Type" source="source-3">OperatorFeVariable</param>
      <param name="Operator" source="source-3">TensorSymmetricPart</param>
      <param name="Operand" source="source-3">VelocityGradientsField</param>
      <param name="outputUnits" source="source-3">yr^-1</param>
    </struct>
    <struct name="VorticityField">
      <param name="Type" source="source-3">OperatorFeVariable</param>
      <param name="Operator" source="source-3">TensorAntisymmetricPart</param>
      <param name="Operand" source="source-3">VelocityGradientsField</param>
      <param name="outputUnits" source="source-3">yr^-1</param>
    </struct>
    <struct name="StrainRateInvariantField">
      <param name="Type" source="source-3">OperatorFeVariable</param>
      <param name="Operator" source="source-3">SymmetricTensor_Invariant</param>
      <param name="Operand" source="source-3">StrainRateField</param>
      <param name="outputUnits" source="source-3">yr^-1</param>
    </struct>
    <struct name="StrainRateXXField">
      <param name="Type" source="source-3">OperatorFeVariable</param>
      <param name="Operator" source="source-3">TakeFirstComponent</param>
      <param name="Operand" source="source-3">StrainRateField</param>
      <param name="outputUnits" source="source-3">yr^-1</param>
    </struct>
    <struct name="StrainRateYYField">
      <param name="Type" source="source-3">OperatorFeVariable</param>
      <param name="Operator" source="source-3">TakeSecondComponent</param>
      <param name="Operand" source="source-3">StrainRateField</param>
      <param name="outputUnits" source="source-3">yr^-1</param>
    </struct>
    <struct name="pressure">
      <param name="Type" source="source-4">MeshVariable</param>
      <param name="mesh" source="source-4">pressureMesh</param>
      <param name="Rank" source="source-4">Scalar</param>
      <param name="DataType" source="source-4">Double</param>
    </struct>
    <struct name="pressureBCs">
      <param name="Type" source="source-4">CompositeVC</param>
      <param name="Data" source="source-4">pressureMesh</param>
    </struct>
    <struct name="pressureICs">
      <param name="Type" source="source-4">CompositeVC</param>
      <param name="Data" source="source-4">pressureMesh</param>
    </struct>
    <struct name="pressureDofLayout">
      <param name="Type" source="source-4">DofLayout</param>
      <param name="MeshVariable" source="source-4">pressure</param>
    </struct>
    <struct name="PressureField">
      <param name="Type" source="source-4">FeVariable</param>
      <param name="FEMesh" source="source-4">pressureMesh</param>
      <param name="DofLayout" source="source-4">pressureDofLayout</param>
      <param name="BC" source="source-4">pressureBCs</param>
      <param name="IC" source="source-4">pressureICs</param>
      <param name="LinkedDofInfo" source="source-4">pressureLinkedDofs</param>
      <param name="outputUnits" source="source-4">GPa</param>
    </struct>
    <struct name="cellLayout">
      <param name="Type" source="source-5">SingleCellLayout</param>
    </struct>
    <struct name="particleLayout">
      <param name="Type" source="source-5">GaussParticleLayout</param>
    </struct>
    <struct name="gaussSwarm">
      <param name="Type" source="source-5">IntegrationPointsSwarm</param>
      <param name="CellLayout" source="source-5">cellLayout</param>
      <param name="ParticleLayout" source="source-5">particleLayout</param>
      <param name="FeMesh" source="source-5">elementMesh</param>
      <param name="TimeIntegrator" source="source-5">timeIntegrator</param>
    </struct>
    <struct name="timeIntegrator">
      <param name="Type" source="source-5">TimeIntegrator</param>
      <param name="order" source="source-5">timeIntegratorOrder</param>
      <param name="simultaneous" source="source-5">f</param>
      <param name="Context" source="source-5">context</param>
    </struct>
    <struct name="elementCellLayout">
      <param name="Type" source="source-6">ElementCellLayout</param>
      <param name="Mesh" source="source-6">elementMesh</param>
    </struct>
    <struct name="weights">
      <param name="Type" source="source-6">PCDVC</param>
      <param name="resolutionX" source="source-6">10</param>
      <param name="resolutionY" source="source-6">10</param>
      <param name="resolutionZ" source="source-6">10</param>
      <param name="lowerT" source="source-6">0.6</param>
      <param name="upperT" source="source-6">25</param>
      <param name="maxDeletions" source="source-6">3</param>
      <param name="maxSplits" source="source-6">3</param>
      <param name="MaterialPointsSwarm" source="source-6">materialSwarm</param>
    </struct>
    <struct name="localLayout">
      <param name="Type" source="source-6">MappedParticleLayout</param>
    </struct>
    <struct name="picIntegrationPoints">
      <param name="Type" source="source-6">IntegrationPointsSwarm</param>
      <param name="CellLayout" source="source-6">elementCellLayout</param>
      <param name="ParticleLayout" source="source-6">localLayout</param>
      <param name="FeMesh" source="source-6">elementMesh</param>
      <param name="WeightsCalculator" source="source-6">weights</param>
      <param name="TimeIntegrator" source="source-6">timeIntegrator</param>
      <param name="IntegrationPointMapper" source="source-6">mapper</param>
    </struct>
    <struct name="mapper">
      <param name="Type" source="source-6">CoincidentMapper</param>
      <param name="IntegrationPointsSwarm" source="source-6">picIntegrationPoints</param>
      <param name="MaterialPointsSwarm" source="source-6">materialSwarm</param>
    </struct>
    <struct name="materialSwarmParticleLayout">
      <param name="Type" source="source-0">IrregularMeshParticleLayout</param>
      <param name="averageInitialParticlesPerCell" source="source-6">particlesPerCell</param>
      <param name="cellParticleCount" source="source-0">20</param>
      <param name="FeMesh" source="source-0">linearMesh</param>
    </struct>
    <struct name="pMovementHandler">
      <param name="Type" source="source-6">ParticleMovementHandler</param>
    </struct>
    <struct name="pShadowSync">
      <param name="Type" source="source-6">ParticleShadowSync</param>
    </struct>
    <struct name="materialSwarm">
      <param name="Type" source="source-6">MaterialPointsSwarm</param>
      <param name="CellLayout" source="source-6">elementCellLayout</param>
      <param name="ParticleLayout" source="source-6">materialSwarmParticleLayout</param>
      <param name="FeMesh" source="source-6">elementMesh</param>
      <list name="ParticleCommHandlers">
        <param>pMovementHandler</param>
        <param>pShadowSync</param>
      </list>
      <param name="SplittingRoutine" source="source-6">splittingRoutine</param>
      <param name="RemovalRoutine" source="source-6">removalRoutine</param>
      <param name="EscapedRoutine" source="source-6">escapedRoutine</param>
    </struct>
    <struct name="materialSwarmAdvector">
      <param name="Type" source="source-6">SwarmAdvector</param>
      <param name="Swarm" source="source-6">materialSwarm</param>
      <param name="TimeIntegrator" source="source-6">timeIntegrator</param>
      <param name="VelocityField" source="source-6">VelocityField</param>
      <param name="PeriodicBCsManager" source="source-6">periodicBCsManager</param>
      <param name="allowFallbackToFirstOrder" source="source-6">True</param>
    </struct>
    <struct name="escapedRoutine">
      <param name="Type" source="source-7">EscapedRoutine</param>
    </struct>
    <struct name="solutionVelocity">
      <param name="Type" source="source-9">SolutionVector</param>
      <param name="FeVariable" source="source-9">VelocityField</param>
    </struct>
    <struct name="solutionPressure">
      <param name="Type" source="source-9">SolutionVector</param>
      <param name="FeVariable" source="source-9">PressureField</param>
    </struct>
    <struct name="mom_force">
      <param name="Type" source="source-9">SphericalForceVector</param>
      <param name="FeVariable" source="source-9">VelocityField</param>
      <param name="ExtraInfo" source="source-9">context</param>
    </struct>
    <struct name="cont_force">
      <param name="Type" source="source-9">ForceVector</param>
      <param name="FeVariable" source="source-9">PressureField</param>
      <param name="ExtraInfo" source="source-9">context</param>
    </struct>
    <struct name="k_matrix">
      <param name="Type" source="source-9">SphericalStiffnessMatrix</param>
      <param name="RowVariable" source="source-9">VelocityField</param>
      <param name="ColumnVariable" source="source-9">VelocityField</param>
      <param name="RHS" source="source-9">mom_force</param>
      <param name="allowZeroElementContributions" source="source-9">False</param>
    </struct>
    <struct name="constitutiveMatrix">
      <param name="Type" source="source-8">ConstitutiveMatrixCartesian</param>
      <param name="Swarm" source="source-8">picIntegrationPoints</param>
      <param name="StiffnessMatrix" source="source-8">k_matrix</param>
    </struct>
    <struct name="g_matrix">
      <param name="Type" source="source-9">SphericalStiffnessMatrix</param>
      <param name="RowVariable" source="source-9">VelocityField</param>
      <param name="ColumnVariable" source="source-9">PressureField</param>
      <param name="RHS" source="source-9">mom_force</param>
      <param name="transposeRHS" source="source-9">DummyComponent</param>
      <param name="allowZeroElementContributions" source="source-9">False</param>
    </struct>
    <struct name="gradientStiffnessMatrixTerm">
      <param name="Type" source="source-8">GradientStiffnessMatrixTerm</param>
      <param name="Swarm" source="source-8">picIntegrationPoints</param>
      <param name="StiffnessMatrix" source="source-8">g_matrix</param>
    </struct>
    <struct name="preconditioner">
      <param name="Type" source="source-9">SphericalStiffnessMatrix</param>
      <param name="RowVariable" source="source-9">PressureField</param>
      <param name="ColumnVariable" source="source-9">PressureField</param>
      <param name="RHS" source="source-9">cont_force</param>
      <param name="allowZeroElementContributions" source="source-9">True</param>
    </struct>
    <struct name="preconditionerTerm">
      <param name="Type" source="source-8">UzawaPreconditionerTerm</param>
      <param name="Swarm" source="source-8">picIntegrationPoints</param>
      <param name="StiffnessMatrix" source="source-8">preconditioner</param>
    </struct>
    <struct name="uzawa">
      <param name="Type" source="source-9">Stokes_SLE_UzawaSolver</param>
      <param name="velocitySolver" source="source-9">matrixSolver</param>
      <param name="Preconditioner" source="source-9">preconditioner</param>
      <param name="tolerance" source="source-9">1.0e-5</param>
      <param name="monitor" source="source-9">false</param>
      <param name="maxIterations" source="source-9">5000</param>
      <param name="minIterations" source="source-9">1</param>
    </struct>
    <struct name="stokesEqn">
      <param name="Type" source="source-9">Stokes_SLE</param>
      <param name="SLE_Solver" source="source-9">uzawa</param>
      <param name="Context" source="source-9">context</param>
      <param name="StressTensorMatrix" source="source-9">k_matrix</param>
      <param name="GradientMatrix" source="source-9">g_matrix</param>
      <param name="DivergenceMatrix" source="source-9">div_matrix</param>
      <param name="CompressibilityMatrix" source="source-9">c_matrix</param>
      <param name="VelocityVector" source="source-9">solutionVelocity</param>
      <param name="PressureVector" source="source-9">solutionPressure</param>
      <param name="ForceVector" source="source-9">mom_force</param>
      <param name="ContinuityForceVector" source="source-9">cont_force</param>
      <param name="killNonConvergent" source="source-9">false</param>
      <param name="nonLinearMaxIterations" source="source-9">nonLinearMaxIterations</param>
      <param name="nonLinearTolerance" source="source-9">nonLinearTolerance</param>
      <param name="makeConvergenceFile" source="source-9">false</param>
    </struct>
    <struct name="div_matrix">
      <param name="Type" source="source-9">SphericalStiffnessMatrix</param>
      <param name="RowVariable" source="source-9">PressureField</param>
      <param name="ColumnVariable" source="source-9">VelocityField</param>
      <param name="RHS" source="source-9">cont_force</param>
    </struct>
    <struct name="divergenceDofTerm">
      <param name="Type" source="source-8">DivergenceMatrixTerm</param>
      <param name="Swarm" source="source-8">picIntegrationPoints</param>
      <param name="StiffnessMatrix" source="source-8">div_matrix</param>
    </struct>
    <struct name="context">
      <param name="Type" source="source-0">UnderworldContext</param>
    </struct>
    <struct name="everywhere">
      <param name="Type" source="source-0">Everywhere</param>
    </struct>
    <struct name="background">
      <param name="Type" source="source-0">RheologyMaterial</param>
      <param name="Shape" source="source-0">everywhere</param>
      <param name="Rheology" source="source-0">viscosity</param>
    </struct>
    <struct name="viscosity">
      <param name="Type" source="source-0">MaterialViscosity</param>
      <param name="eta" source="source-0">1</param>
    </struct>
  </struct>
  <param name="velocityMesh" source="source-0">linearMesh</param>
  <param name="elementMesh" source="source-0">linearMesh</param>
  <param name="pressureMesh" source="source-0">constantMesh</param>
  <list name="FieldVariablesToCheckpoint">
    <param>VelocityField</param>
    <param>PressureField</param>
    <param>VelocityField</param>
    <param>PressureField</param>
  </list>
  <param name="maxTimeSteps" source="source-11">5</param>
  <param name="outputEvery" source="source-0">1</param>
  <param name="dumpEvery" source="source-11">0</param>
  <param name="checkpointEvery" source="source-11">5</param>
  <param name="outputPath" source="source-11">expected/LidDrivenPIC-referenceTest</param>
  <param name="dim" source="source-0">3</param>
  <param name="shadowDepth" source="source-0">1</param>
  <param name="minX" source="source-0">2</param>
  <param name="maxX" source="source-0">6</param>
  <param name="elementResI" source="source-0">3</param>
  <param name="minY" source="source-0">-45</param>
  <param name="maxY" source="source-0">45</param>
  <param name="elementResJ" source="source-0">5</param>
  <param name="minZ" source="source-0">-45</param>
  <param name="maxZ" source="source-0">45</param>
  <param name="elementResK" source="source-0">5</param>
  <param name="seed" source="source-0">13</param>
  <param name="gaussParticlesX" source="source-0">2</param>
  <param name="gaussParticlesY" source="source-0">2</param>
  <param name="gaussParticlesZ" source="source-0">2</param>
  <struct name="velocityBCs">
    <param name="type" source="source-10">CompositeVC</param>
    <list name="vcList">
      <struct>
        <param name="type" source="source-10">WallVC</param>
        <param name="wall" source="source-10">bottom</param>
        <list name="variables">
          <struct>
            <param name="name" source="source-10">vy</param>
            <param name="type" source="source-10">double</param>
            <param name="value" source="source-10">0</param>
          </struct>
        </list>
      </struct>
      <struct>
        <param name="type" source="source-10">WallVC</param>
        <param name="wall" source="source-10">left</param>
        <list name="variables">
          <struct>
            <param name="name" source="source-10">vx</param>
            <param name="type" source="source-10">double</param>
            <param name="value" source="source-10">0</param>
          </struct>
        </list>
      </struct>
      <struct>
        <param name="type" source="source-10">WallVC</param>
        <param name="wall" source="source-10">front</param>
        <list name="variables">
          <struct>
            <param name="name" source="source-10">vz</param>
            <param name="type" source="source-10">double</param>
            <param name="value" source="source-10">0</param>
          </struct>
        </list>
      </struct>
      <struct>
        <param name="type" source="source-10">WallVC</param>
        <param name="wall" source="source-10">back</param>
        <list name="variables">
          <struct>
            <param name="name" source="source-10">vz</param>
            <param name="type" source="source-10">double</param>
            <param name="value" source="source-10">0</param>
          </struct>
        </list>
      </struct>
      <struct>
        <param name="type" source="source-10">WallVC</param>
        <param name="wall" source="source-10">top</param>
        <list name="variables">
          <struct>
            <param name="name" source="source-10">vy</param>
            <param name="type" source="source-10">double</param>
            <param name="value" source="source-10">0</param>
          </struct>
        </list>
      </struct>
      <struct>
        <param name="type" source="source-10">WallVC</param>
        <param name="wall" source="source-10">right</param>
        <list name="variables">
          <struct>
            <param name="name" source="source-10">vx</param>
            <param name="type" source="source-10">double</param>
            <param name="value" source="source-10">0</param>
          </struct>
          <struct>
            <param name="name" source="source-10">vy</param>
            <param name="type" source="source-10">double</param>
            <param name="value" source="source-10">1</param>
          </struct>
          <struct>
            <param name="name" source="source-10">vz</param>
            <param name="type" source="source-10">double</param>
            <param name="value" source="source-10">0</param>
          </struct>
        </list>
      </struct>
    </list>
  </struct>
  <param name="outputSlimmedXML">true</param>
  <!--The list of files (in the order they've been included) referenced to generate this flattened file.-->
  <struct name="sources">
    <param name="source-0">/mnt/scratch/uw2_spherical/libUnderworld/Spherical/SysTests/Regression//LidDrivenPIC.xml</param>
    <param name="source-1">/mnt/scratch/uw2_spherical/libUnderworld/build/lib/StGermain/StgFEM/ConstantMesh.xml</param>
    <param name="source-2">/mnt/scratch/uw2_spherical/libUnderworld/build/lib/StGermain/Spherical/SphericalMesh.xml</param>
    <param name="source-3">/mnt/scratch/uw2_spherical/libUnderworld/build/lib/StGermain/StgFEM/VelocityField.xml</param>
    <param name="source-4">/mnt/scratch/uw2_spherical/libUnderworld/build/lib/StGermain/StgFEM/PressureField.xml</param>
    <param name="source-5">/mnt/scratch/uw2_spherical/libUnderworld/build/lib/StGermain/Underworld/GaussSwarm.xml</param>
    <param name="source-6">/mnt/scratch/uw2_spherical/libUnderworld/build/lib/StGermain/PICellerator/MaterialPointSwarm.xml</param>
    <param name="source-7">/mnt/scratch/uw2_spherical/libUnderworld/build/lib/StGermain/PICellerator/AllowOutflow.xml</param>
    <param name="source-8">/mnt/scratch/uw2_spherical/libUnderworld/build/lib/StGermain/Spherical/StokesFlowUzawaPIC.xml</param>
    <param name="source-9">/mnt/scratch/uw2_spherical/libUnderworld/build/lib/StGermain/Spherical/StokesFlowUzawa.xml</param>
    <param name="source-10">./BCs/lidDrivenBCs.xml</param>
    <param name="source-11">/mnt/scratch/uw2_spherical/libUnderworld/Spherical/SysTests/Regression/expected/LidDrivenPIC-referenceTest/credo-analysis.xml</param>
  </struct>
</StGermainData>
