<StgModelRun>
  <name>LidDrivenPIC-referenceTest-np1-createReference</name>
  <modelInputFiles>
    <inputFile>LidDrivenPIC.xml</inputFile>
  </modelInputFiles>
  <basePath>/mnt/scratch/uw2_spherical/libUnderworld/Spherical/SysTests/Regression</basePath>
  <outputPath>expected/LidDrivenPIC-referenceTest</outputPath>
  <jobParams>
    <maxRunTime>None</maxRunTime>
    <pollInterval>1</pollInterval>
    <nproc>1</nproc>
  </jobParams>
  <simParams>
    <restartstep>None</restartstep>
    <stoptime>None</stoptime>
    <nsteps>5</nsteps>
    <dumpevery>0</dumpevery>
    <cpevery>5</cpevery>
  </simParams>
  <paramOverrides />
  <solverOpts />
  <analysisOps />
</StgModelRun>