<StgModelResult>
  <modelName>LidDrivenPIC-referenceTest-np1-createReference</modelName>
  <outputPath>/mnt/scratch/uw2_spherical/libUnderworld/Spherical/SysTests/Regression/expected/LidDrivenPIC-referenceTest</outputPath>
  <jobMetaInfo>
    <runType>MPI</runType>
    <simtime>0.0</simtime>
    <submitTime>2014-08-21 14:54:24.855053</submitTime>
    <platformInfo>
      <release>3.13.0-24-generic</release>
      <machine>x86_64</machine>
      <version>#47-Ubuntu SMP Fri May 2 23:30:00 UTC 2014</version>
      <node>cloudjules</node>
      <system>Linux</system>
    </platformInfo>
    <performanceInfo>
      <profilerInfo profType="UnixTimeCmd">
        <avgMem_KB>0.0</avgMem_KB>
        <pageFaults>0.0</pageFaults>
        <maxMem_KB>20548.0</maxMem_KB>
        <walltime>1.22</walltime>
      </profilerInfo>
    </performanceInfo>
    <runCommand>mpiexec -np 1 /home/julian/scratch/uw2_spherical/libUnderworld/build/bin/StGermain LidDrivenPIC.xml /mnt/scratch/uw2_spherical/libUnderworld/Spherical/SysTests/Regression/expected/LidDrivenPIC-referenceTest/credo-analysis.xml </runCommand>
  </jobMetaInfo>
</StgModelResult>