Test: test_schur_11_test2 
vec: S{1}
Process [0]
27912.2
52348
76783.8
Process [1]
101220
125655
vec: S^T{1}
Process [0]
68447
72615.4
76783.8
Process [1]
80952.2
85120.6

Test: test_schur_22_test3 
vec: S{1}
Process [0]
31959.3
83083.4
134208
185332
Process [1]
236456
287580
338704
vec: S^T{1}
Process [0]
159648
168209
176770
185332
Process [1]
193893
202454
211016

