

========================= Assembled system =========================

  0 SNES Function norm 6.041522986797e+00 
  1 SNES Function norm 4.786756692342e+00 
  2 SNES Function norm 2.986456323228e+00 
  3 SNES Function norm 2.306244667700e-01 
  4 SNES Function norm 1.936314002653e-03 
  5 SNES Function norm 1.435593558383e-07 
  6 SNES Function norm 4.440892098501e-16 
number of Newton iterations = 6



========================= Block system =========================

  0 SNES Function norm 6.041522986797e+00 
  1 SNES Function norm 4.786756692342e+00 
  2 SNES Function norm 2.986456323228e+00 
  3 SNES Function norm 2.306244667699e-01 
  4 SNES Function norm 1.936314002654e-03 
  5 SNES Function norm 1.435593558383e-07 
  6 SNES Function norm 4.440892098501e-16 
number of Newton iterations = 6

