test_solve 
x1 
0.655738
-0.983607
0.491803
x2 
-0.147541
0.311475
