

============== test_merge_seq ==============
mX 
2
2
4
4
4
