

============== test_merge ==============
mX 
Process [0]
1
1
1
1
1
2
Process [1]
2
2
2
2
2
