VecAXPY 
(1) y1 = 
4
8
12
16
(1) y2 = 
15
18
21
24
27
X.Y = 1610.000000 
(2) y1 = 
4
9
14
19
(2) y2 = 
25
30
35
40
45
X.Y = 2644.000000 
(max-X) = 18.000000 : index = 8 
(min-X) = 0.000000 : index = 0 
