avgMem_KB, 0
pageFaults, 0
maxMem_KB, 24836
walltime, 0:00.21
