In picard_test 
Fnorm(R) = 2.105773e-11 
Newton iterations = 9

