test_pc_block_apply_USymTrans 
Process [0]
-1007.34
-112767
-62399.7
Process [1]
-45610.6
-37216.1
-32179.3
Process [2]
-28821.5
-26423.1
Process [3]
-24624.3
-23225.2
Process [0]
88
10.6667
Process [1]
6.11765
4.48
Process [2]
3.63636
3.12195
Process [3]
2.77551
2.52632
