test_pc_block_apply_Q_then_QT 
y <- Q x 
-1340
-21000
-286000
32
45
y <- Q^T x 
10
200
3000
-49568
-142425
