test_pc_block_apply_U 
-1340
-21000
-286000
32
45
