test_pc_block_apply_U 
-1340
-21000
-286000
32
45
test_pc_block_apply_L 
10
200
3000
-49568
-142425
test_pc_block_apply_LTrans 
-1340
-21000
-286000
32
45
test_pc_block_apply_UTrans 
10
200
3000
-49568
-142425
test_pc_block_apply_USymTrans 
-1340
-21000
-286000
32
45
