test_singleton 
0.1
0.0909091
0.0833333
0.0769231
0.0714286
0.0666667
0.0625
0.0588235
0.0555556
0.0526316
test_2block_DIAG 
block_type: diagonal 
(0,0) pc_type: lu 
(1,1) pc_type: jacobi 
y1 = 
0.1
0.0909091
0.0833333
0.0769231
0.0714286
0.0666667
0.0625
0.0588235
0.0555556
0.0526316
y2 = 
0.1
0.0909091
0.0833333
0.0769231
0.0714286
0.0666667
0.0625
0.0588235
0.0555556
0.0526316
0.05
0.047619
test_2block_UPPER 
block_type: upper 
(0,0) pc_type: ilu 
(1,1) pc_type: ilu 
y1 = 
-3.7361
-3.47067
-3.24948
-3.06232
-2.90189
-2.76286
-2.64121
-2.53386
-2.43845
-2.35308
y2 = 
0.1
0.0909091
0.0833333
0.0769231
0.0714286
0.0666667
0.0625
0.0588235
0.0555556
0.0526316
0.05
0.047619
