Init solve 
its 100 
Same rhs 
its 201 
scale rhs solve 
its 291 
perturb rhs solve 
its 470 
Reset search directions 
Init perturbed solve 
its 200 
